TEST_NOT;
NO;
YES;

TEST_AND;
YES;
NO;
NO;
NO;

TEST_ADD;
NO;
YES;
YES;
NO;
YES;
YES;
NO;
