x;
x = [f1 = \o.o];
[f1 = \o.o];
[f1 = \o.o, f2 = \o.[]];
