x = [l1 = \o.(o), l2 = \o.(o)];
y = [l1 = \o.([l1 = \o.(o), l2 = \o.(o)]), l2 = \o.([l1 = \o.(o), l2 = \o.(o)])];
z = [l1 = \o_0.(o_0), l2 = \o_0.(o_0)];
