y = z;
x = [l1 = \o.(o)];
y = [l1 = \o.(o)];
z = [l1 = \o.(o)];
